src/app/mobile-properties/page.tsx(4,41): error TS2307: Cannot find module 'framer-motion' or its corresponding type declarations.
src/app/mobile-properties/page.tsx(16,8): error TS2307: Cannot find module 'lucide-react' or its corresponding type declarations.
src/components/dashboard/DataRefreshWrapper.tsx(2,41): error TS2307: Cannot find module 'framer-motion' or its corresponding type declarations.
src/components/dashboard/DataRefreshWrapper.tsx(3,62): error TS2307: Cannot find module 'lucide-react' or its corresponding type declarations.
src/components/dashboard/DiversificationChart.tsx(3,24): error TS2307: Cannot find module 'framer-motion' or its corresponding type declarations.
src/components/dashboard/DiversificationChart.tsx(4,67): error TS2307: Cannot find module 'recharts' or its corresponding type declarations.
src/components/dashboard/IncomeTracker.tsx(3,24): error TS2307: Cannot find module 'framer-motion' or its corresponding type declarations.
src/components/dashboard/IncomeTracker.tsx(12,8): error TS2307: Cannot find module 'recharts' or its corresponding type declarations.
src/components/dashboard/IncomeTracker.tsx(13,40): error TS2307: Cannot find module 'lucide-react' or its corresponding type declarations.
src/components/dashboard/IncomeTracker.tsx(118,31): error TS7006: Parameter 'value' implicitly has an 'any' type.
src/components/dashboard/PerformanceChart.tsx(4,24): error TS2307: Cannot find module 'framer-motion' or its corresponding type declarations.
src/components/dashboard/PerformanceChart.tsx(13,8): error TS2307: Cannot find module 'recharts' or its corresponding type declarations.
src/components/dashboard/PerformanceChart.tsx(133,31): error TS7006: Parameter 'value' implicitly has an 'any' type.
src/components/dashboard/PortfolioOverview.tsx(3,24): error TS2307: Cannot find module 'framer-motion' or its corresponding type declarations.
src/components/dashboard/PortfolioOverview.tsx(4,82): error TS2307: Cannot find module 'lucide-react' or its corresponding type declarations.
src/components/dashboard/PortfolioReport.tsx(2,24): error TS2307: Cannot find module 'framer-motion' or its corresponding type declarations.
src/components/dashboard/PortfolioReport.tsx(3,68): error TS2307: Cannot find module 'lucide-react' or its corresponding type declarations.
src/components/dashboard/PortfolioReport.tsx(6,19): error TS2307: Cannot find module 'jspdf' or its corresponding type declarations.
src/components/dashboard/PortfolioReport.tsx(7,23): error TS2307: Cannot find module 'jspdf-autotable' or its corresponding type declarations.
src/components/dashboard/PropertiesList.tsx(3,24): error TS2307: Cannot find module 'framer-motion' or its corresponding type declarations.
src/components/dashboard/PropertyCard.tsx(3,24): error TS2307: Cannot find module 'framer-motion' or its corresponding type declarations.
src/components/dashboard/PropertyCard.tsx(4,75): error TS2307: Cannot find module 'lucide-react' or its corresponding type declarations.
src/components/dashboard/RecentTransactions.tsx(3,24): error TS2307: Cannot find module 'framer-motion' or its corresponding type declarations.
src/components/dashboard/RecentTransactions.tsx(4,66): error TS2307: Cannot find module 'lucide-react' or its corresponding type declarations.
src/components/dashboard/RiskAnalysis.tsx(1,24): error TS2307: Cannot find module 'framer-motion' or its corresponding type declarations.
src/components/dashboard/RiskAnalysis.tsx(2,67): error TS2307: Cannot find module 'lucide-react' or its corresponding type declarations.
src/components/GasEstimator.tsx(8,25): error TS2307: Cannot find module 'lucide-react' or its corresponding type declarations.
src/components/mobile/ARPropertyPreview.tsx(4,41): error TS2307: Cannot find module 'framer-motion' or its corresponding type declarations.
src/components/mobile/ARPropertyPreview.tsx(17,8): error TS2307: Cannot find module 'lucide-react' or its corresponding type declarations.
src/components/mobile/LocationBasedDiscovery.tsx(4,41): error TS2307: Cannot find module 'framer-motion' or its corresponding type declarations.
src/components/mobile/LocationBasedDiscovery.tsx(13,8): error TS2307: Cannot find module 'lucide-react' or its corresponding type declarations.
src/components/mobile/MobilePropertyCard.tsx(4,24): error TS2307: Cannot find module 'framer-motion' or its corresponding type declarations.
src/components/mobile/MobilePropertyCard.tsx(16,8): error TS2307: Cannot find module 'lucide-react' or its corresponding type declarations.
src/components/mobile/MobilePropertyViewer.tsx(4,50): error TS2307: Cannot find module 'framer-motion' or its corresponding type declarations.
src/components/mobile/MobilePropertyViewer.tsx(19,8): error TS2307: Cannot find module 'lucide-react' or its corresponding type declarations.
src/components/mobile/OfflinePropertyCache.tsx(4,41): error TS2307: Cannot find module 'framer-motion' or its corresponding type declarations.
src/components/mobile/OfflinePropertyCache.tsx(15,8): error TS2307: Cannot find module 'lucide-react' or its corresponding type declarations.
src/components/mobile/OfflinePropertyCache.tsx(406,33): error TS7006: Parameter 'e' implicitly has an 'any' type.
src/components/NotificationSystem.tsx(4,23): error TS2307: Cannot find module 'sonner' or its corresponding type declarations.
src/components/NotificationSystem.tsx(6,58): error TS2307: Cannot find module 'lucide-react' or its corresponding type declarations.
src/components/TransactionCard.tsx(4,37): error TS2307: Cannot find module 'date-fns' or its corresponding type declarations.
src/components/TransactionCard.tsx(17,8): error TS2307: Cannot find module 'lucide-react' or its corresponding type declarations.
src/components/TransactionHistory.tsx(4,24): error TS2307: Cannot find module 'date-fns' or its corresponding type declarations.
src/components/TransactionHistory.tsx(12,42): error TS2307: Cannot find module 'lucide-react' or its corresponding type declarations.
src/components/TransactionHistory.tsx(13,23): error TS2307: Cannot find module 'sonner' or its corresponding type declarations.
src/components/TransactionHistory.tsx(82,54): error TS7006: Parameter 'value' implicitly has an 'any' type.
src/components/TransactionHistory.tsx(95,56): error TS7006: Parameter 'value' implicitly has an 'any' type.
src/components/TransactionQueue.tsx(10,35): error TS2307: Cannot find module 'lucide-react' or its corresponding type declarations.
src/components/TransactionQueue.tsx(11,23): error TS2307: Cannot find module 'sonner' or its corresponding type declarations.
src/components/ui/accordion.tsx(4,37): error TS2307: Cannot find module '@radix-ui/react-accordion' or its corresponding type declarations.
src/components/ui/accordion.tsx(5,33): error TS2307: Cannot find module 'lucide-react' or its corresponding type declarations.
src/components/ui/alert-dialog.tsx(4,39): error TS2307: Cannot find module '@radix-ui/react-alert-dialog' or its corresponding type declarations.
src/components/ui/alert.tsx(2,40): error TS2307: Cannot find module 'class-variance-authority' or its corresponding type declarations.
src/components/ui/aspect-ratio.tsx(3,39): error TS2307: Cannot find module '@radix-ui/react-aspect-ratio' or its corresponding type declarations.
src/components/ui/avatar.tsx(4,34): error TS2307: Cannot find module '@radix-ui/react-avatar' or its corresponding type declarations.
src/components/ui/badge.tsx(2,22): error TS2307: Cannot find module '@radix-ui/react-slot' or its corresponding type declarations.
src/components/ui/badge.tsx(3,40): error TS2307: Cannot find module 'class-variance-authority' or its corresponding type declarations.
src/components/ui/breadcrumb.tsx(2,22): error TS2307: Cannot find module '@radix-ui/react-slot' or its corresponding type declarations.
src/components/ui/breadcrumb.tsx(3,46): error TS2307: Cannot find module 'lucide-react' or its corresponding type declarations.
src/components/ui/button.tsx(2,22): error TS2307: Cannot find module '@radix-ui/react-slot' or its corresponding type declarations.
src/components/ui/button.tsx(3,40): error TS2307: Cannot find module 'class-variance-authority' or its corresponding type declarations.
src/components/ui/calendar.tsx(8,8): error TS2307: Cannot find module 'lucide-react' or its corresponding type declarations.
src/components/ui/calendar.tsx(13,8): error TS2307: Cannot find module 'react-day-picker' or its corresponding type declarations.
src/components/ui/calendar.tsx(43,31): error TS7006: Parameter 'date' implicitly has an 'any' type.
src/components/ui/calendar.tsx(135,18): error TS7031: Binding element 'className' implicitly has an 'any' type.
src/components/ui/calendar.tsx(135,29): error TS7031: Binding element 'rootRef' implicitly has an 'any' type.
src/components/ui/calendar.tsx(145,21): error TS7031: Binding element 'className' implicitly has an 'any' type.
src/components/ui/calendar.tsx(145,32): error TS7031: Binding element 'orientation' implicitly has an 'any' type.
src/components/ui/calendar.tsx(166,24): error TS7031: Binding element 'children' implicitly has an 'any' type.
src/components/ui/carousel.tsx(6,8): error TS2307: Cannot find module 'embla-carousel-react' or its corresponding type declarations.
src/components/ui/carousel.tsx(7,39): error TS2307: Cannot find module 'lucide-react' or its corresponding type declarations.
src/components/ui/chart.tsx(4,36): error TS2307: Cannot find module 'recharts' or its corresponding type declarations.
src/components/ui/chart.tsx(183,20): error TS7006: Parameter 'item' implicitly has an 'any' type.
src/components/ui/chart.tsx(184,17): error TS7006: Parameter 'item' implicitly has an 'any' type.
src/components/ui/chart.tsx(184,23): error TS7006: Parameter 'index' implicitly has an 'any' type.
src/components/ui/chart.tsx(281,18): error TS7006: Parameter 'item' implicitly has an 'any' type.
src/components/ui/chart.tsx(282,15): error TS7006: Parameter 'item' implicitly has an 'any' type.
src/components/ui/checkbox.tsx(4,36): error TS2307: Cannot find module '@radix-ui/react-checkbox' or its corresponding type declarations.
src/components/ui/checkbox.tsx(5,27): error TS2307: Cannot find module 'lucide-react' or its corresponding type declarations.
src/components/ui/collapsible.tsx(3,39): error TS2307: Cannot find module '@radix-ui/react-collapsible' or its corresponding type declarations.
src/components/ui/command.tsx(4,45): error TS2307: Cannot find module 'cmdk' or its corresponding type declarations.
src/components/ui/command.tsx(5,28): error TS2307: Cannot find module 'lucide-react' or its corresponding type declarations.
src/components/ui/context-menu.tsx(4,39): error TS2307: Cannot find module '@radix-ui/react-context-menu' or its corresponding type declarations.
src/components/ui/context-menu.tsx(5,57): error TS2307: Cannot find module 'lucide-react' or its corresponding type declarations.
src/components/ui/dialog.tsx(4,34): error TS2307: Cannot find module '@radix-ui/react-dialog' or its corresponding type declarations.
src/components/ui/dialog.tsx(5,23): error TS2307: Cannot find module 'lucide-react' or its corresponding type declarations.
src/components/ui/drawer.tsx(4,43): error TS2307: Cannot find module 'vaul' or its corresponding type declarations.
src/components/ui/dropdown-menu.tsx(4,40): error TS2307: Cannot find module '@radix-ui/react-dropdown-menu' or its corresponding type declarations.
src/components/ui/dropdown-menu.tsx(5,57): error TS2307: Cannot find module 'lucide-react' or its corresponding type declarations.
src/components/ui/form.tsx(4,38): error TS2307: Cannot find module '@radix-ui/react-label' or its corresponding type declarations.
src/components/ui/form.tsx(5,22): error TS2307: Cannot find module '@radix-ui/react-slot' or its corresponding type declarations.
src/components/ui/form.tsx(14,8): error TS2307: Cannot find module 'react-hook-form' or its corresponding type declarations.
src/components/ui/hover-card.tsx(4,37): error TS2307: Cannot find module '@radix-ui/react-hover-card' or its corresponding type declarations.
src/components/ui/input-otp.tsx(4,43): error TS2307: Cannot find module 'input-otp' or its corresponding type declarations.
src/components/ui/input-otp.tsx(5,27): error TS2307: Cannot find module 'lucide-react' or its corresponding type declarations.
src/components/ui/input-otp.tsx(47,61): error TS2339: Property 'slots' does not exist on type '{}'.
src/components/ui/label.tsx(4,33): error TS2307: Cannot find module '@radix-ui/react-label' or its corresponding type declarations.
src/components/ui/menubar.tsx(4,35): error TS2307: Cannot find module '@radix-ui/react-menubar' or its corresponding type declarations.
src/components/ui/menubar.tsx(5,57): error TS2307: Cannot find module 'lucide-react' or its corresponding type declarations.
src/components/ui/navigation-menu.tsx(2,42): error TS2307: Cannot find module '@radix-ui/react-navigation-menu' or its corresponding type declarations.
src/components/ui/navigation-menu.tsx(3,21): error TS2307: Cannot find module 'class-variance-authority' or its corresponding type declarations.
src/components/ui/navigation-menu.tsx(4,33): error TS2307: Cannot find module 'lucide-react' or its corresponding type declarations.
src/components/ui/pagination.tsx(6,8): error TS2307: Cannot find module 'lucide-react' or its corresponding type declarations.
src/components/ui/pagination.tsx(75,7): error TS2783: 'size' is specified more than once, so this usage will be overwritten.
src/components/ui/pagination.tsx(92,7): error TS2783: 'size' is specified more than once, so this usage will be overwritten.
src/components/ui/popover.tsx(4,35): error TS2307: Cannot find module '@radix-ui/react-popover' or its corresponding type declarations.
src/components/ui/progress.tsx(4,36): error TS2307: Cannot find module '@radix-ui/react-progress' or its corresponding type declarations.
src/components/ui/radio-group.tsx(4,38): error TS2307: Cannot find module '@radix-ui/react-radio-group' or its corresponding type declarations.
src/components/ui/radio-group.tsx(5,28): error TS2307: Cannot find module 'lucide-react' or its corresponding type declarations.
src/components/ui/resizable.tsx(4,34): error TS2307: Cannot find module 'lucide-react' or its corresponding type declarations.
src/components/ui/resizable.tsx(5,41): error TS2307: Cannot find module 'react-resizable-panels' or its corresponding type declarations.
src/components/ui/scroll-area.tsx(4,38): error TS2307: Cannot find module '@radix-ui/react-scroll-area' or its corresponding type declarations.
src/components/ui/select.tsx(4,34): error TS2307: Cannot find module '@radix-ui/react-select' or its corresponding type declarations.
src/components/ui/select.tsx(5,59): error TS2307: Cannot find module 'lucide-react' or its corresponding type declarations.
src/components/ui/separator.tsx(4,37): error TS2307: Cannot find module '@radix-ui/react-separator' or its corresponding type declarations.
src/components/ui/sheet.tsx(4,33): error TS2307: Cannot find module '@radix-ui/react-dialog' or its corresponding type declarations.
src/components/ui/sheet.tsx(5,23): error TS2307: Cannot find module 'lucide-react' or its corresponding type declarations.
src/components/ui/sidebar.tsx(4,22): error TS2307: Cannot find module '@radix-ui/react-slot' or its corresponding type declarations.
src/components/ui/sidebar.tsx(5,40): error TS2307: Cannot find module 'class-variance-authority' or its corresponding type declarations.
src/components/ui/sidebar.tsx(6,31): error TS2307: Cannot find module 'lucide-react' or its corresponding type declarations.
src/components/ui/sidebar.tsx(270,17): error TS7006: Parameter 'event' implicitly has an 'any' type.
src/components/ui/slider.tsx(4,34): error TS2307: Cannot find module '@radix-ui/react-slider' or its corresponding type declarations.
src/components/ui/sonner.tsx(9,8): error TS2307: Cannot find module 'lucide-react' or its corresponding type declarations.
src/components/ui/sonner.tsx(10,26): error TS2307: Cannot find module 'next-themes' or its corresponding type declarations.
src/components/ui/sonner.tsx(11,54): error TS2307: Cannot find module 'sonner' or its corresponding type declarations.
src/components/ui/switch.tsx(4,34): error TS2307: Cannot find module '@radix-ui/react-switch' or its corresponding type declarations.
src/components/ui/tabs.tsx(4,32): error TS2307: Cannot find module '@radix-ui/react-tabs' or its corresponding type declarations.
src/components/ui/toggle-group.tsx(4,39): error TS2307: Cannot find module '@radix-ui/react-toggle-group' or its corresponding type declarations.
src/components/ui/toggle-group.tsx(5,35): error TS2307: Cannot find module 'class-variance-authority' or its corresponding type declarations.
src/components/ui/toggle.tsx(4,34): error TS2307: Cannot find module '@radix-ui/react-toggle' or its corresponding type declarations.
src/components/ui/toggle.tsx(5,40): error TS2307: Cannot find module 'class-variance-authority' or its corresponding type declarations.
src/components/ui/tooltip.tsx(4,35): error TS2307: Cannot find module '@radix-ui/react-tooltip' or its corresponding type declarations.
src/hooks/useTransaction.ts(6,23): error TS2307: Cannot find module 'sonner' or its corresponding type declarations.
src/lib/utils.ts(2,25): error TS2307: Cannot find module 'tailwind-merge' or its corresponding type declarations.
